// Jest Snapshot v1, https://goo.gl/fbAQLP

exports[`App component renders App 1`] = `
<DocumentFragment>
  <div
    class="header"
  >
    <img
      class="icon"
      src="/path/image"
    />
    <svg
      class="menuIcon"
      fill="currentColor"
      viewBox="0 0 20 20"
      xmlns="http://www.w3.org/2000/svg"
    >
      <path
        clip-rule="evenodd"
        d="M3 5a1 1 0 011-1h12a1 1 0 110 2H4a1 1 0 01-1-1zM3 10a1 1 0 011-1h12a1 1 0 110 2H4a1 1 0 01-1-1zM3 15a1 1 0 011-1h12a1 1 0 110 2H4a1 1 0 01-1-1z"
        fill-rule="evenodd"
      />
    </svg>
  </div>
  <div
    class="HomePage"
  >
    <div
      class="Search"
    >
      <form>
        <input
          class="searchInput"
          placeholder="search"
          type="text"
          value=""
        />
        <button
          class="photoMode"
        >
          <img
            src="images/photo-icon.svg"
          />
        </button>
        <button
          class="submitButton"
        >
          <img
            src="images/search-icon.svg"
          />
        </button>
      </form>
    </div>
  </div>
</DocumentFragment>
`;
