// Jest Snapshot v1, https://goo.gl/fbAQLP

exports[`MyPlant component renders MyPlant 1`] = `
<DocumentFragment>
  <figure
    class="MyPlant"
  >
    <img
      class="plantImg"
    />
    <figcaption
      class="caption"
    >
      <p
        class="commonName"
      />
      <p
        class="scientificName"
      />
    </figcaption>
  </figure>
</DocumentFragment>
`;
