// Jest Snapshot v1, https://goo.gl/fbAQLP

exports[`Search component renders Search 1`] = `
<DocumentFragment>
  <div
    class="Search"
  >
    <form>
      <input
        class="searchInput"
        placeholder="search"
        type="text"
        value=""
      />
      <button
        class="photoMode"
      >
        <img
          src="images/photo-icon.svg"
        />
      </button>
      <button
        class="submitButton"
      >
        <img
          src="images/search-icon.svg"
        />
      </button>
    </form>
  </div>
  <ul
    class="PlantList"
  />
</DocumentFragment>
`;
