// Jest Snapshot v1, https://goo.gl/fbAQLP

exports[`Search component renders Search 1`] = `
<DocumentFragment>
  <div
    class="SearchPage"
  >
    <br />
    <div
      class="Search"
    >
      <form>
        <input
          class="searchInput"
          placeholder="search a plant by name..."
          type="text"
          value=""
        />
        <button
          class="submitButton"
        >
          <img
            src="images/search-icon.svg"
            title="Search by text"
          />
        </button>
        <button
          class="photoMode"
        >
          <img
            src="images/photo-icon.svg"
            title="Search by photo"
          />
        </button>
      </form>
    </div>
    <ul
      class="PlantList"
    />
  </div>
</DocumentFragment>
`;
